[C1] loading population TSVs...
  HSC                        :   1282 cells x  25464 genes
  MPP                        :    215 cells x  25464 genes
  MLP                        :    123 cells x  25464 genes
  PreBNK                     :    592 cells x  25464 genes
  MEP                        :   1211 cells x  25464 genes
  CMP                        :   1576 cells x  25464 genes
  GMP                        :   1012 cells x  25464 genes
  LinNegCD34PosCD164Pos      :   6343 cells x  24719 genes
  LinNegCD34NegCD164high     :   4434 cells x  24719 genes
  LinNegCD34lowCD164high     :   4266 cells x  24719 genes
  LinNegCD34NegCD164low      :    358 cells x  24719 genes
[C1] union genes across all populations: 29,601
[C1] total cells: 21,412

=== C1_GSE117498 ===
  cells (loaded): 21,412
  genes (loaded): 29,601
  applying gene filter (min_cells=10) ...
    gene filter: kept 19,517 / 29,601 genes (>= 10 cells)
  loading STRING v12 human LCC scaffold ...
  STRING LCC (free): 15,882 nodes
  STRING ∩ atlas: 13,109 genes present in both
  STRING ∩ atlas LCC: 12,952 nodes
  computing scores and primitives ...
  CytoTRACE proxy (GCS on top-200 GC-correlated genes) ...
  SCENT SR on human STRING LCC intersection ...
  CCAT on human STRING LCC intersection ...
  own-baseline: CT ...
  own-baseline: SR ...
  own-baseline: CCAT ...
  written /Users/damir/damir-research-vault/06-code/tautology-diagnostic/w4/results/c1_gse117498_results.json
[C2] loading raw UMI matrix (this reads ~19k genes x 14.5k cells)...
[C2] matrix shape: 19,525 genes x 14,537 cells

=== C2_GSE125970 ===
  cells (loaded): 14,537
  genes (loaded): 19,525
  applying gene filter (min_cells=10) ...
    gene filter: kept 17,416 / 19,525 genes (>= 10 cells)
  loading STRING v12 human LCC scaffold ...
  STRING LCC (free): 15,882 nodes
  STRING ∩ atlas: 11,583 genes present in both
  STRING ∩ atlas LCC: 11,353 nodes
  computing scores and primitives ...
  CytoTRACE proxy (GCS on top-200 GC-correlated genes) ...
  SCENT SR on human STRING LCC intersection ...
  CCAT on human STRING LCC intersection ...
  own-baseline: CT ...
  own-baseline: SR ...
  own-baseline: CCAT ...
  written /Users/damir/damir-research-vault/06-code/tautology-diagnostic/w4/results/c2_gse125970_results.json

SUMMARY written: /Users/damir/damir-research-vault/06-code/tautology-diagnostic/w4/results/summary.json
{
  "C1_GSE117498": {
    "CT": {
      "skill_score": 0.13995481068041593,
      "skill_primitive": -0.08891639113762903,
      "marginal_delta": 0.22887120181804496,
      "marginal_delta_CI95": [
        0.2165369734665528,
        0.241845893152049
      ],
      "conditional_skill": 0.2315560807416508,
      "conditional_skill_CI95": [
        0.2175032244064296,
        0.24655307558476486
      ],
      "AUROC_score_top_vs_bot": 0.2721336277962664,
      "AUROC_primitive_top_vs_bot": 0.37837207626848596,
      "verdict": "SCORE-BEATS-PRIMITIVE"
    },
    "SR": {
      "skill_score": 0.2798249849466168,
      "skill_primitive": -0.10288462036774179,
      "marginal_delta": 0.3827096053143586,
      "marginal_delta_CI95": [
        0.3564637821055005,
        0.4099042629981451
      ],
      "conditional_skill": 0.2540839848946631,
      "conditional_skill_CI95": [
        0.24074496123858233,
        0.2674233171869437
      ],
      "AUROC_score_top_vs_bot": 0.4559968189136091,
      "AUROC_primitive_top_vs_bot": 0.7947719898138732,
      "verdict": "SCORE-BEATS-PRIMITIVE"
    },
    "CCAT": {
      "skill_score": -0.04540034897378909,
      "skill_primitive": 0.24707346841754171,
      "marginal_delta": -0.2924738173913308,
      "marginal_delta_CI95": [
        -0.30877635703945067,
        -0.2764449554404179
      ],
      "conditional_skill": -0.13049901959131768,
      "conditional_skill_CI95": [
        -0.14221970786142632,
        -0.11929429412688228
      ],
      "AUROC_score_top_vs_bot": 0.5229088097804552,
      "AUROC_primitive_top_vs_bot": 0.4414092656068587,
      "verdict": "SIGN-FLIPPED SCAFFOLD"
    }
  },
  "C2_GSE125970": {
    "CT": {
      "skill_score": 0.5467583156303074,
      "skill_primitive": 0.44112607078432514,
      "marginal_delta": 0.10563224484598227,
      "marginal_delta_CI95": [
        0.09766716963620636,
        0.11317886541520861
      ],
      "conditional_skill": 0.3432781104388922,
      "conditional_skill_CI95": [
        0.33420849517592544,
        0.352430786874623
      ],
      "AUROC_score_top_vs_bot": 0.9280414580588495,
      "AUROC_primitive_top_vs_bot": 0.7979776899429074,
      "verdict": "SCORE-BEATS-PRIMITIVE"
    },
    "SR": {
      "skill_score": 0.45254714009293573,
      "skill_primitive": 0.5205533801591332,
      "marginal_delta": -0.06800624006619749,
      "marginal_delta_CI95": [
        -0.07494921011722436,
        -0.06139932587532143
      ],
      "conditional_skill": 0.053085282243947096,
      "conditional_skill_CI95": [
        0.04234980530034948,
        0.06333512992542495
      ],
      "AUROC_score_top_vs_bot": 0.8643989459815546,
      "AUROC_primitive_top_vs_bot": 0.9595745278875715,
      "verdict": "inconclusive"
    },
    "CCAT": {
      "skill_score": 0.5516738207105097,
      "skill_primitive": 0.5063356242190519,
      "marginal_delta": 0.04533819649145787,
      "marginal_delta_CI95": [
        0.04134018451832086,
        0.04961966604362376
      ],
      "conditional_skill": 0.25060250949528273,
      "conditional_skill_CI95": [
        0.239806220007206,
        0.26088025890933353
      ],
      "AUROC_score_top_vs_bot": 0.9476129995608257,
      "AUROC_primitive_top_vs_bot": 0.9125963987703118,
      "verdict": "TAUTOLOG"
    }
  }
}
